Archive member included because of file (symbol)

/Users/julian/ps2dev/ps2sdk/ee/lib/libc.a(memcpy.o)
                              eekernel.o (memcpy)
/Users/julian/ps2dev/ps2sdk/ee/lib/libc.a(memset.o)
                              eekernel.o (memset)
/Users/julian/ps2dev/ps2sdk/ee/lib/libc.a(strcpy.o)
                              eekernel.o (strcpy)
/Users/julian/ps2dev/ps2sdk/ee/lib/libc.a(vsnprintf.o)
                              eedebug.o (vsnprintf)
/Users/julian/ps2dev/ps2sdk/ee/lib/libc.a(vxprintf.o)
                              /Users/julian/ps2dev/ps2sdk/ee/lib/libc.a(vsnprintf.o) (vxprintf)
/Users/julian/ps2dev/ps2sdk/ee/lib/libc.a(__sout.o)
                              /Users/julian/ps2dev/ps2sdk/ee/lib/libc.a(vsnprintf.o) (__sout)
/Users/julian/ps2dev/ps2sdk/ee/lib/libc.a(free.o)
                              /Users/julian/ps2dev/ps2sdk/ee/lib/libc.a(vxprintf.o) (free)
/Users/julian/ps2dev/ps2sdk/ee/lib/libc.a(__alloc_internals.o)
                              /Users/julian/ps2dev/ps2sdk/ee/lib/libc.a(free.o) (_ps2sdk_alloc_lock)
/Users/julian/ps2dev/ps2sdk/ee/lib/libc.a(isdigit.o)
                              /Users/julian/ps2dev/ps2sdk/ee/lib/libc.a(vxprintf.o) (isdigit)
/Users/julian/ps2dev/ps2sdk/ee/lib/libc.a(sbrk.o)
                              /Users/julian/ps2dev/ps2sdk/ee/lib/libc.a(free.o) (ps2_sbrk)
/Users/julian/ps2dev/ps2sdk/ee/lib/libc.a(strlen.o)
                              /Users/julian/ps2dev/ps2sdk/ee/lib/libc.a(vxprintf.o) (strlen)
/Users/julian/ps2dev/ps2sdk/ee/lib/libc.a(malloc.o)
                              /Users/julian/ps2dev/ps2sdk/ee/lib/libc.a(free.o) (__alloc_heap_head)
/Users/julian/ps2dev/ps2sdk/ee/lib/libkernel.a(ResetEE.o)
                              eeinit.o (ResetEE)
/Users/julian/ps2dev/ps2sdk/ee/lib/libkernel.a(Exit.o)
                              eekernel.o (Exit)
/Users/julian/ps2dev/ps2sdk/ee/lib/libkernel.a(iTerminateThread.o)
                              eekernel.o (iTerminateThread)
/Users/julian/ps2dev/ps2sdk/ee/lib/libkernel.a(EndOfHeap.o)
                              /Users/julian/ps2dev/ps2sdk/ee/lib/libc.a(sbrk.o) (EndOfHeap)
/Users/julian/ps2dev/ps2sdk/ee/lib/libkernel.a(CreateSema.o)
                              /Users/julian/ps2dev/ps2sdk/ee/lib/libc.a(__alloc_internals.o) (CreateSema)
/Users/julian/ps2dev/ps2sdk/ee/lib/libkernel.a(DeleteSema.o)
                              /Users/julian/ps2dev/ps2sdk/ee/lib/libc.a(__alloc_internals.o) (DeleteSema)
/Users/julian/ps2dev/ps2sdk/ee/lib/libkernel.a(SignalSema.o)
                              /Users/julian/ps2dev/ps2sdk/ee/lib/libc.a(__alloc_internals.o) (SignalSema)
/Users/julian/ps2dev/ps2sdk/ee/lib/libkernel.a(WaitSema.o)
                              /Users/julian/ps2dev/ps2sdk/ee/lib/libc.a(__alloc_internals.o) (WaitSema)
/Users/julian/ps2dev/ps2sdk/ee/lib/libkernel.a(SetVSyncFlag.o)
                              eekernel.o (SetVSyncFlag)
/Users/julian/ps2dev/ps2sdk/ee/lib/libkernel.a(SifRpcMain.o)
                              eeload.o (SifInitRpc)
/Users/julian/ps2dev/ps2sdk/ee/lib/libkernel.a(_rpc_get_fpacket.o)
                              /Users/julian/ps2dev/ps2sdk/ee/lib/libkernel.a(SifRpcMain.o) (_rpc_get_fpacket)
/Users/julian/ps2dev/ps2sdk/ee/lib/libkernel.a(__iop_control_internals.o)
                              /Users/julian/ps2dev/ps2sdk/ee/lib/libkernel.a(SifRpcMain.o) (_iop_reboot_count)
/Users/julian/ps2dev/ps2sdk/ee/lib/libkernel.a(DIntr.o)
                              /Users/julian/ps2dev/ps2sdk/ee/lib/libkernel.a(SifRpcMain.o) (DIntr)
/Users/julian/ps2dev/ps2sdk/ee/lib/libkernel.a(EIntr.o)
                              /Users/julian/ps2dev/ps2sdk/ee/lib/libkernel.a(SifRpcMain.o) (EIntr)
/Users/julian/ps2dev/ps2sdk/ee/lib/libkernel.a(iWakeupThread.o)
                              eekernel.o (iWakeupThread)
/Users/julian/ps2dev/ps2sdk/ee/lib/libkernel.a(iRotateThreadReadyQueue.o)
                              /Users/julian/ps2dev/ps2sdk/ee/lib/libkernel.a(iWakeupThread.o) (iRotateThreadReadyQueue)
/Users/julian/ps2dev/ps2sdk/ee/lib/libkernel.a(_iGetThreadId.o)
                              /Users/julian/ps2dev/ps2sdk/ee/lib/libkernel.a(iWakeupThread.o) (_iGetThreadId)
/Users/julian/ps2dev/ps2sdk/ee/lib/libkernel.a(iReferThreadStatus.o)
                              /Users/julian/ps2dev/ps2sdk/ee/lib/libkernel.a(iWakeupThread.o) (iReferThreadStatus)
/Users/julian/ps2dev/ps2sdk/ee/lib/libkernel.a(iSuspendThread.o)
                              /Users/julian/ps2dev/ps2sdk/ee/lib/libkernel.a(iWakeupThread.o) (iSuspendThread)
/Users/julian/ps2dev/ps2sdk/ee/lib/libkernel.a(iResumeThread.o)
                              /Users/julian/ps2dev/ps2sdk/ee/lib/libkernel.a(iWakeupThread.o) (iResumeThread)
/Users/julian/ps2dev/ps2sdk/ee/lib/libkernel.a(iSignalSema.o)
                              /Users/julian/ps2dev/ps2sdk/ee/lib/libkernel.a(SifRpcMain.o) (iSignalSema)
/Users/julian/ps2dev/ps2sdk/ee/lib/libkernel.a(SifSetReg.o)
                              /Users/julian/ps2dev/ps2sdk/ee/lib/libkernel.a(SifRpcMain.o) (SifSetReg)
/Users/julian/ps2dev/ps2sdk/ee/lib/libkernel.a(SifGetReg.o)
                              /Users/julian/ps2dev/ps2sdk/ee/lib/libkernel.a(SifRpcMain.o) (SifGetReg)
/Users/julian/ps2dev/ps2sdk/ee/lib/libkernel.a(sif_cmd_send.o)
                              /Users/julian/ps2dev/ps2sdk/ee/lib/libkernel.a(SifRpcMain.o) (SifSendCmd)
/Users/julian/ps2dev/ps2sdk/ee/lib/libkernel.a(sif_cmd_main.o)
                              /Users/julian/ps2dev/ps2sdk/ee/lib/libkernel.a(SifRpcMain.o) (SifInitCmd)
/Users/julian/ps2dev/ps2sdk/ee/lib/libkernel.a(sif_cmd_client.o)
                              /Users/julian/ps2dev/ps2sdk/ee/lib/libkernel.a(SifRpcMain.o) (SifAddCmdHandler)
/Users/julian/ps2dev/ps2sdk/ee/lib/libkernel.a(sif_sreg_get.o)
                              /Users/julian/ps2dev/ps2sdk/ee/lib/libkernel.a(SifRpcMain.o) (SifGetSreg)
/Users/julian/ps2dev/ps2sdk/ee/lib/libkernel.a(EnableDmac.o)
                              /Users/julian/ps2dev/ps2sdk/ee/lib/libkernel.a(sif_cmd_main.o) (EnableDmac)
/Users/julian/ps2dev/ps2sdk/ee/lib/libkernel.a(DisableDmac.o)
                              /Users/julian/ps2dev/ps2sdk/ee/lib/libkernel.a(sif_cmd_main.o) (DisableDmac)
/Users/julian/ps2dev/ps2sdk/ee/lib/libkernel.a(AddDmacHandler.o)
                              /Users/julian/ps2dev/ps2sdk/ee/lib/libkernel.a(sif_cmd_main.o) (AddDmacHandler)
/Users/julian/ps2dev/ps2sdk/ee/lib/libkernel.a(RemoveDmacHandler.o)
                              /Users/julian/ps2dev/ps2sdk/ee/lib/libkernel.a(sif_cmd_main.o) (RemoveDmacHandler)
/Users/julian/ps2dev/ps2sdk/ee/lib/libkernel.a(_EnableDmac.o)
                              /Users/julian/ps2dev/ps2sdk/ee/lib/libkernel.a(EnableDmac.o) (_EnableDmac)
/Users/julian/ps2dev/ps2sdk/ee/lib/libkernel.a(_DisableDmac.o)
                              /Users/julian/ps2dev/ps2sdk/ee/lib/libkernel.a(DisableDmac.o) (_DisableDmac)
/Users/julian/ps2dev/ps2sdk/ee/lib/libkernel.a(FlushCache.o)
                              /Users/julian/ps2dev/ps2sdk/ee/lib/libkernel.a(sif_cmd_main.o) (FlushCache)
/Users/julian/ps2dev/ps2sdk/ee/lib/libkernel.a(SifSetDma.o)
                              /Users/julian/ps2dev/ps2sdk/ee/lib/libkernel.a(sif_cmd_send.o) (SifSetDma)
/Users/julian/ps2dev/ps2sdk/ee/lib/libkernel.a(iSifSetDma.o)
                              /Users/julian/ps2dev/ps2sdk/ee/lib/libkernel.a(sif_cmd_send.o) (iSifSetDma)
/Users/julian/ps2dev/ps2sdk/ee/lib/libkernel.a(SifSetDChain.o)
                              /Users/julian/ps2dev/ps2sdk/ee/lib/libkernel.a(sif_cmd_main.o) (SifSetDChain)
/Users/julian/ps2dev/ps2sdk/ee/lib/libkernel.a(SifWriteBackDCache.o)
                              /Users/julian/ps2dev/ps2sdk/ee/lib/libkernel.a(sif_cmd_send.o) (SifWriteBackDCache)
/Users/julian/ps2dev/ps2sdk/ee/lib/libkernel.a(_sif_cmd_int_handler.o)
                              /Users/julian/ps2dev/ps2sdk/ee/lib/libkernel.a(sif_cmd_main.o) (_SifCmdIntHandler)
/Users/julian/ps2dev/ps2sdk/ee/lib/libkernel.a(iSifSetDChain.o)
                              /Users/julian/ps2dev/ps2sdk/ee/lib/libkernel.a(_sif_cmd_int_handler.o) (iSifSetDChain)
/Users/julian/ps2dev/ee/lib/gcc-lib/ee/3.2.3/libgcc.a(_udivdi3.o)
                              /Users/julian/ps2dev/ps2sdk/ee/lib/libc.a(vxprintf.o) (__udivdi3)
/Users/julian/ps2dev/ee/lib/gcc-lib/ee/3.2.3/libgcc.a(_umoddi3.o)
                              /Users/julian/ps2dev/ps2sdk/ee/lib/libc.a(vxprintf.o) (__umoddi3)
/Users/julian/ps2dev/ee/lib/gcc-lib/ee/3.2.3/libgcc.a(_addsub_df.o)
                              /Users/julian/ps2dev/ps2sdk/ee/lib/libc.a(vxprintf.o) (dpadd)
/Users/julian/ps2dev/ee/lib/gcc-lib/ee/3.2.3/libgcc.a(_mul_df.o)
                              /Users/julian/ps2dev/ps2sdk/ee/lib/libc.a(vxprintf.o) (dpmul)
/Users/julian/ps2dev/ee/lib/gcc-lib/ee/3.2.3/libgcc.a(_compare_df.o)
                              /Users/julian/ps2dev/ps2sdk/ee/lib/libc.a(vxprintf.o) (dpcmp)
/Users/julian/ps2dev/ee/lib/gcc-lib/ee/3.2.3/libgcc.a(_si_to_df.o)
                              /Users/julian/ps2dev/ps2sdk/ee/lib/libc.a(vxprintf.o) (litodp)
/Users/julian/ps2dev/ee/lib/gcc-lib/ee/3.2.3/libgcc.a(_df_to_si.o)
                              /Users/julian/ps2dev/ps2sdk/ee/lib/libc.a(vxprintf.o) (dptoli)
/Users/julian/ps2dev/ee/lib/gcc-lib/ee/3.2.3/libgcc.a(_thenan_df.o)
                              /Users/julian/ps2dev/ee/lib/gcc-lib/ee/3.2.3/libgcc.a(_addsub_df.o) (__thenan_df)
/Users/julian/ps2dev/ee/lib/gcc-lib/ee/3.2.3/libgcc.a(_clz.o)
                              /Users/julian/ps2dev/ee/lib/gcc-lib/ee/3.2.3/libgcc.a(_udivdi3.o) (__clz_tab)
/Users/julian/ps2dev/ee/lib/gcc-lib/ee/3.2.3/libgcc.a(_pack_df.o)
                              /Users/julian/ps2dev/ee/lib/gcc-lib/ee/3.2.3/libgcc.a(_addsub_df.o) (__pack_d)
/Users/julian/ps2dev/ee/lib/gcc-lib/ee/3.2.3/libgcc.a(_unpack_df.o)
                              /Users/julian/ps2dev/ee/lib/gcc-lib/ee/3.2.3/libgcc.a(_addsub_df.o) (__unpack_d)
/Users/julian/ps2dev/ee/lib/gcc-lib/ee/3.2.3/libgcc.a(_fpcmp_parts_df.o)
                              /Users/julian/ps2dev/ee/lib/gcc-lib/ee/3.2.3/libgcc.a(_compare_df.o) (__fpcmp_parts_d)

Allocating common symbols
Common symbol       size              file

intcs_array         0xa8              eekernel.o
elfsize             0x4               eeelf.o
threadArgStrBuffer  0x100             eekernel.o
sifIOPbuff          0x4               eekernel.o
sifRegs             0x80              eekernel.o
rcnt3TargetNum      0x40              eekernel.o
dword_80016A84      0x4               eekernel.o
threads_array       0x4c00            eekernel.o
g_kernelstackend    0x4               eekernel.o
VSyncFlag1          0x4               eekernel.o
handler_ll_free     0x8               eekernel.o
gsIMR               0x8               eekernel.o
SavedRA             0x10              eedata.o
thread_ll_free      0x8               eekernel.o
semas_array         0x2000            eekernel.o
sifEEbuff           0x80              eekernel.o
SavedSP             0x10              eedata.o
dword_80016A7C      0x4               eekernel.o
machineType         0x4               eekernel.o
sections_names      0x4               eeelf.o
SavedT9             0x8               eedata.o
elfdata             0x4               eeelf.o
sbus_handlers       0x80              eekernel.o
thread_ll_priorities
                    0x400             eekernel.o
tadrptr             0x1f0             eekernel.o
_HandlersCount      0x4               eekernel.o
sif1tagdata         0x4               eekernel.o
VSyncFlag0          0x4               eekernel.o
g_kernelstack       0x2000            eekernel.o
osdConfigParam      0x4               eekernel.o
dword_80016A88      0x4               eekernel.o
_sif_cmd_data       0x20              /Users/julian/ps2dev/ps2sdk/ee/lib/libkernel.a(sif_cmd_main.o)
pgifhandlers_array  0xf18             eekernel.o
dmacs_array         0xb4              eekernel.o
SavedRegs           0x1d0             eedata.o
elfHeader           0x4               eeelf.o
hvParam             0x8               eekernel.o
dword_80016A78      0x4               eekernel.o
extrastorage        0xf80             eekernel.o
elfProgH            0x4               eeelf.o
memorySize          0x4               eekernel.o
SavedAT             0x10              eedata.o
elfSectH            0x4               eeelf.o

Memory Configuration

Name             Origin             Length             Attributes
*default*        0x0000000000000000 0xffffffffffffffff

Linker script and memory map

LOAD eeirq.o
LOAD eedata.o
LOAD eekernel.o
LOAD eeinit.o
LOAD eeload.o
LOAD eeelf.o
LOAD eedebug.o
LOAD romdir.o
LOAD /Users/julian/ps2dev/ps2sdk/ee/lib/libmc.a
LOAD /Users/julian/ps2dev/ps2sdk/ee/lib/libpad.a
LOAD /Users/julian/ps2dev/ps2sdk/ee/lib/libc.a
LOAD /Users/julian/ps2dev/ps2sdk/ee/lib/libkernel.a
LOAD /Users/julian/ps2dev/ps2sdk/ee/lib/libc.a
LOAD /Users/julian/ps2dev/ps2sdk/ee/lib/libkernel.a
LOAD /Users/julian/ps2dev/ee/lib/gcc-lib/ee/3.2.3/libgcc.a
LOAD /Users/julian/ps2dev/ee/lib/gcc-lib/ee/3.2.3/libgcc.a
                0x0000000000080000                _stack_size = 0x80000
                0x0000000000a00000                _heap_size = 0xa00000

.               0x0000000080000000      0xefa
 eeirq.o()
 .text          0x0000000080000000      0x718 eeirq.o
                0x0000000080000280                SyscException
                0x00000000800006e8                setINTCHandler
                0x0000000080000180                CpuException
                0x00000000800003e0                INTCException
                0x00000000800003c0                _Deci2Call
                0x0000000080000200                CpuException2
                0x00000000800006e0                TIMERException
                0x0000000080000578                DMACException
                0x0000000080000000                CpuException0
                0x0000000080000700                setDMACHandler
 .reginfo       0x0000000080000718       0x18 eeirq.o
 .mdebug        0x0000000080000730      0x79c eeirq.o
 *fill*         0x0000000080000ecc        0x4 00
 .rodata        0x0000000080000ed0       0x18 eeirq.o
 .comment       0x0000000080000ee8       0x12 eeirq.o

.text           0x0000000080001000     0xa7e8
 *(.text)
 .text          0x0000000080001000     0x4e90 eekernel.o
                0x0000000080005c20                _SetGsVParam
                0x0000000080001ab0                _AddDmacHandler
                0x0000000080002820                _TerminateThread
                0x0000000080002300                GetCop0_Reg19
                0x0000000080003410                _iTerminateThread
                0x0000000080004200                _InitArgs
                0x0000000080001600                _DummyINTCHandler
                0x0000000080005260                _SifSetReg
                0x0000000080002060                _excepRet
                0x0000000080002488                SetCop0_EntryHi
                0x00000000800018e0                _RemoveIntcHandler
                0x0000000080003a78                _SuspendThread
                0x0000000080002380                GetCop0_ErrorPC
                0x0000000080002c00                _SignalSema
                0x0000000080001ad0                _AddDmacHandler2
                0x00000000800020a8                _RFU005
                0x00000000800012d8                _CpuConfig_4
                0x0000000080002a58                _WakeupThread
                0x00000000800036c8                _iReleaseWaitThread
                0x0000000080001350                _GsGetIMR
                0x0000000080005c40                _GetOsdConfigParam
                0x0000000080004890                releaseTCB
                0x0000000080003f30                _iWaitSema
                0x0000000080002588                SetCop0_Reg26
                0x0000000080002318                GetCop0_Reg22
                0x0000000080002358                GetCop0_Reg27
                0x0000000080003828                _ReferThreadStatus
                0x00000000800023e8                SetCop0_EntryLo0
                0x0000000080002430                SetCop0_PageMask
                0x00000000800010d0                __EnableIntc
                0x0000000080002b68                _WaitSema
                0x00000000800022c0                GetCop0_ExceptPC
                0x00000000800038e8                __SleepThread
                0x0000000080004b38                _sifGetSMFLG
                0x00000000800043a0                _EndOfHeap
                0x0000000080001d70                _iSetEventFlag
                0x0000000080002120                _FlushCache
                0x00000000800027e0                _ExitDeleteThread
                0x0000000080004988                LL_unlink
                0x00000000800025e8                _ExecPS2
                0x0000000080005470                _SetGsCrt4
                0x0000000080002db0                __ThreadHandler
                0x0000000080001178                __DisableDmac
                0x0000000080001588                erase_cpu_regs
                0x0000000080002558                SetCop0_DebugReg24
                0x0000000080002518                SetCop0_Reg18
                0x0000000080005d88                __disableInterrupts
                0x0000000080002940                _ReleaseWaitThread
                0x0000000080001e48                _ReleaseAlarm
                0x0000000080002340                GetCop0_Perf
                0x00000000800031d8                _ChangeThread
                0x0000000080001b88                sbusHandler
                0x00000000800029d0                _SleepThread
                0x00000000800032e0                _CreateThread
                0x0000000080001000                _eret
                0x0000000080002000                _InitRCNT3
                0x0000000080005490                _SetGsCrt
                0x0000000080001bd0                _AddSbusIntcHandler
                0x00000000800024d8                SetCop0_ExceptPC
                0x0000000080001288                _CpuConfig_1
                0x00000000800025b0                SetCop0_TagHi
                0x00000000800025c8                SetCop0_ErrorPC
                0x0000000080002280                GetCop0_EntryHi
                0x0000000080005400                _SetGsCrt2
                0x00000000800040b8                _SemasInit
                0x0000000080001340                _GetMemorySize
                0x0000000080001058                _SetCPUTimer
                0x00000000800040a8                _DeleteEventFlag
                0x0000000080005008                _SifDmaPrepare
                0x0000000080002330                GetCop0_DebugReg24
                0x0000000080003528                _DisableDispatchThread
                0x00000000800050b0                _SifSetDma
                0x0000000080004128                __load_module_EENULL
                0x0000000080005dc0                kLoadContext
                0x0000000080004928                thread_2_ready
                0x0000000080005de8                __exception
                0x0000000080003550                _EnableDispatchThread
                0x0000000080002f70                restoreContext
                0x0000000080003578                _iChangeThreadPriority
                0x0000000080001d80                _SetAlarm
                0x0000000080001380                _Exit
                0x0000000080003940                _iWakeupThread
                0x0000000080003c08                _CreateEventFlag
                0x0000000080004348                _InitializeHeapArea
                0x0000000080001c38                _RemoveSbusIntcHandler
                0x0000000080003418                __DeleteThread
                0x0000000080005ce0                _SetOsdConfigParam
                0x00000000800022f0                GetCop0_Reg17
                0x0000000080002360                GetCop0_TagLo
                0x0000000080005db8                kSaveContext
                0x0000000080001680                _RFU___
                0x0000000080005d80                __exhandler
                0x00000000800016c0                _AddHandler
                0x0000000080005bc0                _JoinThread
                0x0000000080001320                _MachineType
                0x0000000080003490                __StartThread
                0x0000000080002528                SetCop0_Reg20
                0x0000000080001748                DefaultINTCHandler
                0x00000000800023c8                SetCop0_Index
                0x0000000080004a20                LL_unlinkthis
                0x0000000080002390                GetCop0_Reg31
                0x0000000080002468                SetCop0_BadVAddr
                0x0000000080002188                FlushDataCache
                0x0000000080001630                _DummyDMACHandler
                0x0000000080004a58                _TlbWriteRandom
                0x0000000080001140                __EnableDmac
                0x00000000800024f0                SetCop0_PRevID
                0x00000000800027a0                _ExitThread
                0x00000000800024a0                SetCop0_Compare
                0x0000000080001758                __AddIntcHandler
                0x0000000080001330                _SetMemorySize
                0x0000000080002400                SetCop0_EntryLo1
                0x00000000800012b8                _CpuConfig_3
                0x0000000080001108                __DisableIntc
                0x0000000080002218                GetCop0_EntryLo1
                0x00000000800018a0                _AddIntcHandler
                0x00000000800021b8                _GetCop0
                0x0000000080002470                SetCop0_Count
                0x0000000080005ba8                _GetGsVParam
                0x00000000800011b0                _SetVTLBRefillHandler
                0x0000000080004d28                _SifStopDma
                0x0000000080002308                GetCop0_Reg20
                0x0000000080005258                _SifDmaStat
                0x0000000080001700                _RemoveHandler
                0x0000000080003b08                _iResumeThread
                0x0000000080001cf0                _EnableIntcHandler
                0x0000000080002d10                _ChangeThreadPriority
                0x0000000080003e10                _iSignalSema
                0x0000000080002570                SetCop0_Perf
                0x0000000080002260                GetCop0_BadVAddr
                0x00000000800013a0                _start
                0x0000000080002238                GetCop0_PageMask
                0x00000000800022f8                GetCop0_Reg18
                0x0000000080001d30                _EnableDmacHandler
                0x0000000080001b90                __AddSbusIntcHandler
                0x0000000080002670                _DeleteThread
                0x0000000080001af0                _RemoveDmacHandler
                0x0000000080001750                DefaultDMACHandler
                0x0000000080002598                SetCop0_TagLo
                0x00000000800023e0                SetCop0_Random
                0x0000000080002448                SetCop0_Wired
                0x00000000800024b8                SetCop0_Status
                0x0000000080001038                _SetPgifHandler
                0x0000000080001448                saveContext2
                0x00000000800022e0                GetCop0_Config
                0x00000000800030b0                _ThreadHandler
                0x0000000080002310                GetCop0_Reg21
                0x0000000080002590                SetCop0_Reg27
                0x0000000080002228                GetCop0_Context
                0x0000000080001d50                _DisableDmacHandler
                0x0000000080005dc8                kLoadDebug
                0x0000000080004828                _ExecOSD
                0x00000000800043c8                __load_module
                0x0000000080005be0                _SetGsHParam
                0x0000000080001e50                rcnt3Handler
                0x0000000080002208                GetCop0_EntryLo0
                0x0000000080003818                _GetThreadId
                0x00000000800028b0                _RotateThreadReadyQueue
                0x00000000800021f8                GetCop0_Random
                0x0000000080003520                __ExitDeleteThread
                0x0000000080001c08                __RemoveSbusIntcHandler
                0x0000000080005448                _iJoinThread
                0x0000000080004568                _LoadPS2Exe
                0x0000000080001270                _CpuConfig_0
                0x0000000080004748                __ExecPS2
                0x0000000080004ab0                _sifGetMSFLG
                0x0000000080002c88                _DeleteSema
                0x0000000080002df8                saveContext
                0x0000000080001308                _PSMode
                0x00000000800011e0                _SetVCommonHandler
                0x0000000080004c00                SifDmaInit
                0x00000000800016a8                _SetVSyncFlag
                0x0000000080002510                SetCop0_Reg17
                0x0000000080002540                SetCop0_Reg23
                0x0000000080002248                GetCop0_Wired
                0x0000000080001048                _SetCPUTimerHandler
                0x0000000080002270                GetCop0_Count
                0x00000000800012f0                _CpuConfig_5
                0x0000000080002370                GetCop0_TagHi
                0x0000000080002180                FlushInstructionCache
                0x0000000080003678                _iRotateThreadReadyQueue
                0x00000000800014e8                restoreContext2
                0x0000000080002398                SetCop0
                0x00000000800020f8                _DisableCache
                0x0000000080001cd8                _Interrupt2Iop
                0x0000000080002198                _105
                0x0000000080005e60                __exception1
                0x00000000800024f8                SetCop0_Config
                0x00000000800022d0                GetCop0_PRevID
                0x0000000080002418                SetCop0_Context
                0x0000000080001d10                _DisableIntcHandler
                0x0000000080002320                GetCop0_Reg23
                0x0000000080004858                _RFU004_Exit
                0x0000000080003c18                _CreateSema
                0x00000000800025e0                SetCop0_Reg31
                0x00000000800012a0                _CpuConfig_2
                0x0000000080004bc0                _ResetSif1
                0x0000000080004d48                _SifDmaSend
                0x0000000080002290                GetCop0_Compare
                0x0000000080005b70                _GetGsHParam
                0x0000000080004008                _PollSema
                0x00000000800049d0                LL_rotate
                0x0000000080003518                __ExitThread
                0x0000000080001210                _SetVInterruptHandler
                0x0000000080002700                _StartThread
                0x0000000080004260                _InitializeMainThread
                0x00000000800024d0                SetCop0_Cause
                0x00000000800020d8                _EnableCache
                0x0000000080005450                _SetGsCrt3
                0x0000000080001660                DefaultCPUTimerHandler
                0x0000000080001020                _SetSYSCALL
                0x00000000800022a0                GetCop0_Status
                0x0000000080004048                _ReferSemaStatus
                0x00000000800053f8                _print
                0x0000000080001978                __AddDmacHandler
                0x0000000080003bc0                _CancelWakeupThread
                0x0000000080002ae0                _ResumeThread
                0x0000000080004a38                LL_add
                0x00000000800021a0                _KSeg0
                0x0000000080004f90                _SifDmaCount
                0x0000000080002530                SetCop0_Reg21
                0x0000000080002538                SetCop0_Reg22
                0x0000000080002258                GetCop0_Reg7
                0x0000000080001c70                __Interrupt2Iop
                0x0000000080002350                GetCop0_Reg26
                0x0000000080002190                FlushSecondaryCache
                0x0000000080003c90                _iDeleteSema
                0x0000000080001ff0                _SetEventFlag
                0x0000000080001238                _CpuConfig
                0x0000000080005340                _SifGetReg
                0x0000000080002460                SetCop0_Reg7
                0x0000000080004d00                _SifSetDChain
                0x0000000080001360                _GsPutIMR
                0x00000000800018c0                _AddIntcHandler2
                0x00000000800021e8                GetCop0_Index
                0x0000000080004530                eestrcpy
                0x00000000800022b0                GetCop0_Cause
                0x0000000080002520                SetCop0_Reg19
                0x00000000800048e0                unsetTCB
 .text          0x0000000080005e90      0xbf0 eeinit.o
                0x00000000800063d8                InitializeScratchPad
                0x0000000080006928                InitPgifHandler2
                0x0000000080005ec0                _ResetEE
                0x0000000080006318                InitializeVU1
                0x00000000800067a0                InitPgifHandler
                0x0000000080006328                InitializeIPU
                0x0000000080006408                InitializeUserMemory
                0x0000000080006330                InitializeVIF0
                0x0000000080006488                InitializeTIMER
                0x0000000080006340                InitializeFPU
                0x0000000080006578                _TlbSet
                0x0000000080006458                InitializeINTC
                0x00000000800060c0                Restart
                0x00000000800065b0                TlbInit
                0x0000000080006338                InitializeVU0
                0x0000000080006228                InitializeDMAC
                0x0000000080006320                InitializeVIF1
                0x0000000080005e90                InitializeGS
                0x0000000080005ff0                Initialize
                0x0000000080005e98                InitializeGIF
 .text          0x0000000080006a80       0x98 eeload.o
                0x0000000080006a80                eeload_start
                0x0000000080006ae8                Kmemcpy
 .text          0x0000000080006b18      0x2b8 eeelf.o
                0x0000000080006cb0                loadSectionHeaders
                0x0000000080006b48                loadHeaders
                0x0000000080006b80                loadProgramHeaders
                0x0000000080006d30                loadElfFile
 .text          0x0000000080006dd0       0xf0 eedebug.o
                0x0000000080006e50                __printf
                0x0000000080006e08                __puts
                0x0000000080006dd0                __putc
 .text          0x0000000080006ec0      0x1a0 romdir.o
                0x0000000080006ec0                romdirInit
                0x0000000080006f48                romdirGetFile
 .text          0x0000000080007060       0xb0 /Users/julian/ps2dev/ps2sdk/ee/lib/libc.a(memcpy.o)
                0x0000000080007060                memcpy
 .text          0x0000000080007110       0xc0 /Users/julian/ps2dev/ps2sdk/ee/lib/libc.a(memset.o)
                0x0000000080007110                memset
 .text          0x00000000800071d0      0x114 /Users/julian/ps2dev/ps2sdk/ee/lib/libc.a(strcpy.o)
                0x00000000800071d0                strcpy
 *fill*         0x00000000800072e4        0x4 00
 .text          0x00000000800072e8       0x40 /Users/julian/ps2dev/ps2sdk/ee/lib/libc.a(vsnprintf.o)
                0x00000000800072e8                vsnprintf
 .text          0x0000000080007328     0x1008 /Users/julian/ps2dev/ps2sdk/ee/lib/libc.a(vxprintf.o)
                0x00000000800073b8                vxprintf
 .text          0x0000000080008330       0x88 /Users/julian/ps2dev/ps2sdk/ee/lib/libc.a(__sout.o)
                0x0000000080008330                __sout
 .text          0x00000000800083b8       0xf8 /Users/julian/ps2dev/ps2sdk/ee/lib/libc.a(free.o)
                0x00000000800083b8                free
 .text          0x00000000800084b0       0xc0 /Users/julian/ps2dev/ps2sdk/ee/lib/libc.a(__alloc_internals.o)
                0x00000000800084e0                _ps2sdk_alloc_deinit
                0x00000000800084b0                _ps2sdk_alloc_init
                0x0000000080008510                _ps2sdk_alloc_lock
                0x0000000080008540                _ps2sdk_alloc_unlock
 .text          0x0000000080008570       0x18 /Users/julian/ps2dev/ps2sdk/ee/lib/libc.a(isdigit.o)
                0x0000000080008570                isdigit
 .text          0x0000000080008588       0x68 /Users/julian/ps2dev/ps2sdk/ee/lib/libc.a(sbrk.o)
                0x0000000080008588                ps2_sbrk
 .text          0x00000000800085f0      0x138 /Users/julian/ps2dev/ps2sdk/ee/lib/libc.a(strlen.o)
                0x00000000800085f0                strlen
 .text          0x0000000080008728      0x1f0 /Users/julian/ps2dev/ps2sdk/ee/lib/libc.a(malloc.o)
                0x0000000080008768                malloc
                0x0000000080008728                _heap_mem_fit
 *fill*         0x0000000080008918        0x8 00
 .text          0x0000000080008920       0x10 /Users/julian/ps2dev/ps2sdk/ee/lib/libkernel.a(ResetEE.o)
                0x0000000080008920                ResetEE
 .text          0x0000000080008930       0x10 /Users/julian/ps2dev/ps2sdk/ee/lib/libkernel.a(Exit.o)
                0x0000000080008930                Exit
 .text          0x0000000080008940       0x10 /Users/julian/ps2dev/ps2sdk/ee/lib/libkernel.a(iTerminateThread.o)
                0x0000000080008940                iTerminateThread
 .text          0x0000000080008950       0x10 /Users/julian/ps2dev/ps2sdk/ee/lib/libkernel.a(EndOfHeap.o)
                0x0000000080008950                EndOfHeap
 .text          0x0000000080008960       0x10 /Users/julian/ps2dev/ps2sdk/ee/lib/libkernel.a(CreateSema.o)
                0x0000000080008960                CreateSema
 .text          0x0000000080008970       0x10 /Users/julian/ps2dev/ps2sdk/ee/lib/libkernel.a(DeleteSema.o)
                0x0000000080008970                DeleteSema
 .text          0x0000000080008980       0x10 /Users/julian/ps2dev/ps2sdk/ee/lib/libkernel.a(SignalSema.o)
                0x0000000080008980                SignalSema
 .text          0x0000000080008990       0x10 /Users/julian/ps2dev/ps2sdk/ee/lib/libkernel.a(WaitSema.o)
                0x0000000080008990                WaitSema
 .text          0x00000000800089a0       0x10 /Users/julian/ps2dev/ps2sdk/ee/lib/libkernel.a(SetVSyncFlag.o)
                0x00000000800089a0                SetVSyncFlag
 .text          0x00000000800089b0      0x448 /Users/julian/ps2dev/ps2sdk/ee/lib/libkernel.a(SifRpcMain.o)
                0x0000000080008c68                SifInitRpc
                0x0000000080008dd0                SifExitRpc
 .text          0x0000000080008df8       0x30 /Users/julian/ps2dev/ps2sdk/ee/lib/libkernel.a(_rpc_get_fpacket.o)
                0x0000000080008df8                _rpc_get_fpacket
 .text          0x0000000080008e28       0x48 /Users/julian/ps2dev/ps2sdk/ee/lib/libkernel.a(DIntr.o)
                0x0000000080008e28                DIntr
 .text          0x0000000080008e70       0x18 /Users/julian/ps2dev/ps2sdk/ee/lib/libkernel.a(EIntr.o)
                0x0000000080008e70                EIntr
 .text          0x0000000080008e88       0x88 /Users/julian/ps2dev/ps2sdk/ee/lib/libkernel.a(iWakeupThread.o)
                0x0000000080008e88                iWakeupThread
 .text          0x0000000080008f10       0x10 /Users/julian/ps2dev/ps2sdk/ee/lib/libkernel.a(iRotateThreadReadyQueue.o)
                0x0000000080008f10                iRotateThreadReadyQueue
 .text          0x0000000080008f20       0x10 /Users/julian/ps2dev/ps2sdk/ee/lib/libkernel.a(_iGetThreadId.o)
                0x0000000080008f20                _iGetThreadId
 .text          0x0000000080008f30       0x10 /Users/julian/ps2dev/ps2sdk/ee/lib/libkernel.a(iReferThreadStatus.o)
                0x0000000080008f30                iReferThreadStatus
 .text          0x0000000080008f40       0x10 /Users/julian/ps2dev/ps2sdk/ee/lib/libkernel.a(iSuspendThread.o)
                0x0000000080008f40                iSuspendThread
 .text          0x0000000080008f50       0x10 /Users/julian/ps2dev/ps2sdk/ee/lib/libkernel.a(iResumeThread.o)
                0x0000000080008f50                iResumeThread
 .text          0x0000000080008f60       0x10 /Users/julian/ps2dev/ps2sdk/ee/lib/libkernel.a(iSignalSema.o)
                0x0000000080008f60                iSignalSema
 .text          0x0000000080008f70       0x10 /Users/julian/ps2dev/ps2sdk/ee/lib/libkernel.a(SifSetReg.o)
                0x0000000080008f70                SifSetReg
 .text          0x0000000080008f80       0x10 /Users/julian/ps2dev/ps2sdk/ee/lib/libkernel.a(SifGetReg.o)
                0x0000000080008f80                SifGetReg
 .text          0x0000000080008f90      0x1b0 /Users/julian/ps2dev/ps2sdk/ee/lib/libkernel.a(sif_cmd_send.o)
                0x00000000800090c0                SifSendCmd
                0x0000000080009100                iSifSendCmd
 .text          0x0000000080009140      0x2e8 /Users/julian/ps2dev/ps2sdk/ee/lib/libkernel.a(sif_cmd_main.o)
                0x0000000080009170                SifInitCmd
                0x00000000800093f0                SifExitCmd
 .text          0x0000000080009428       0x58 /Users/julian/ps2dev/ps2sdk/ee/lib/libkernel.a(sif_cmd_client.o)
                0x0000000080009440                SifAddCmdHandler
                0x0000000080009428                SifSetCmdBuffer
 .text          0x0000000080009480       0x18 /Users/julian/ps2dev/ps2sdk/ee/lib/libkernel.a(sif_sreg_get.o)
                0x0000000080009480                SifGetSreg
 .text          0x0000000080009498       0x78 /Users/julian/ps2dev/ps2sdk/ee/lib/libkernel.a(EnableDmac.o)
                0x0000000080009498                EnableDmac
 .text          0x0000000080009510       0x78 /Users/julian/ps2dev/ps2sdk/ee/lib/libkernel.a(DisableDmac.o)
                0x0000000080009510                DisableDmac
 *fill*         0x0000000080009588        0x8 00
 .text          0x0000000080009590       0x10 /Users/julian/ps2dev/ps2sdk/ee/lib/libkernel.a(AddDmacHandler.o)
                0x0000000080009590                AddDmacHandler
 .text          0x00000000800095a0       0x10 /Users/julian/ps2dev/ps2sdk/ee/lib/libkernel.a(RemoveDmacHandler.o)
                0x00000000800095a0                RemoveDmacHandler
 .text          0x00000000800095b0       0x10 /Users/julian/ps2dev/ps2sdk/ee/lib/libkernel.a(_EnableDmac.o)
                0x00000000800095b0                _EnableDmac
 .text          0x00000000800095c0       0x10 /Users/julian/ps2dev/ps2sdk/ee/lib/libkernel.a(_DisableDmac.o)
                0x00000000800095c0                _DisableDmac
 .text          0x00000000800095d0       0x10 /Users/julian/ps2dev/ps2sdk/ee/lib/libkernel.a(FlushCache.o)
                0x00000000800095d0                FlushCache
 .text          0x00000000800095e0       0x10 /Users/julian/ps2dev/ps2sdk/ee/lib/libkernel.a(SifSetDma.o)
                0x00000000800095e0                SifSetDma
 .text          0x00000000800095f0       0x10 /Users/julian/ps2dev/ps2sdk/ee/lib/libkernel.a(iSifSetDma.o)
                0x00000000800095f0                iSifSetDma
 .text          0x0000000080009600       0x10 /Users/julian/ps2dev/ps2sdk/ee/lib/libkernel.a(SifSetDChain.o)
                0x0000000080009600                SifSetDChain
 .text          0x0000000080009610       0xb0 /Users/julian/ps2dev/ps2sdk/ee/lib/libkernel.a(SifWriteBackDCache.o)
                0x0000000080009610                SifWriteBackDCache
 .text          0x00000000800096c0       0xf0 /Users/julian/ps2dev/ps2sdk/ee/lib/libkernel.a(_sif_cmd_int_handler.o)
                0x00000000800096c0                _SifCmdIntHandler
 .text          0x00000000800097b0       0x10 /Users/julian/ps2dev/ps2sdk/ee/lib/libkernel.a(iSifSetDChain.o)
                0x00000000800097b0                iSifSetDChain
 .text          0x00000000800097c0      0x6c8 /Users/julian/ps2dev/ee/lib/gcc-lib/ee/3.2.3/libgcc.a(_udivdi3.o)
                0x00000000800097c0                __udivdi3
 .text          0x0000000080009e88      0x6c8 /Users/julian/ps2dev/ee/lib/gcc-lib/ee/3.2.3/libgcc.a(_umoddi3.o)
                0x0000000080009e88                __umoddi3
 .text          0x000000008000a550      0x2f8 /Users/julian/ps2dev/ee/lib/gcc-lib/ee/3.2.3/libgcc.a(_addsub_df.o)
                0x000000008000a7d8                dpsub
                0x000000008000a778                dpadd
 .text          0x000000008000a848      0x2d0 /Users/julian/ps2dev/ee/lib/gcc-lib/ee/3.2.3/libgcc.a(_mul_df.o)
                0x000000008000a848                dpmul
 .text          0x000000008000ab18       0x58 /Users/julian/ps2dev/ee/lib/gcc-lib/ee/3.2.3/libgcc.a(_compare_df.o)
                0x000000008000ab18                dpcmp
 .text          0x000000008000ab70       0xb8 /Users/julian/ps2dev/ee/lib/gcc-lib/ee/3.2.3/libgcc.a(_si_to_df.o)
                0x000000008000ab70                litodp
 .text          0x000000008000ac28       0xa0 /Users/julian/ps2dev/ee/lib/gcc-lib/ee/3.2.3/libgcc.a(_df_to_si.o)
                0x000000008000ac28                dptoli
 .text          0x000000008000acc8      0x190 /Users/julian/ps2dev/ee/lib/gcc-lib/ee/3.2.3/libgcc.a(_pack_df.o)
                0x000000008000acc8                __pack_d
 .text          0x000000008000ae58       0xd8 /Users/julian/ps2dev/ee/lib/gcc-lib/ee/3.2.3/libgcc.a(_unpack_df.o)
                0x000000008000ae58                __unpack_d
 .text          0x000000008000af30      0x108 /Users/julian/ps2dev/ee/lib/gcc-lib/ee/3.2.3/libgcc.a(_fpcmp_parts_df.o)
                0x000000008000af30                __fpcmp_parts_d
 *(.rodata)
 .rodata        0x000000008000b038      0x290 eekernel.o
 .rodata        0x000000008000b2c8      0x208 eeinit.o
 .rodata        0x000000008000b4d0       0x48 eeload.o
 .rodata        0x000000008000b518       0x30 eeelf.o
 .rodata        0x000000008000b548      0x188 /Users/julian/ps2dev/ps2sdk/ee/lib/libc.a(vxprintf.o)
 .rodata        0x000000008000b6d0       0x18 /Users/julian/ps2dev/ee/lib/gcc-lib/ee/3.2.3/libgcc.a(_thenan_df.o)
                0x000000008000b6d0                __thenan_df
 .rodata        0x000000008000b6e8      0x100 /Users/julian/ps2dev/ee/lib/gcc-lib/ee/3.2.3/libgcc.a(_clz.o)
                0x000000008000b6e8                __clz_tab

.reginfo
 *(.reginfo)

.data           0x000000008000b800      0xf60
 *(.data)
 .data          0x000000008000b800      0x318 eedata.o
                0x000000008000b800                table_CpuConfig
                0x000000008000b918                table_SYSCALL
                0x000000008000b8d8                DMACTable
                0x000000008000b878                VIntTable
                0x000000008000b840                VCRTable
                0x000000008000b818                dmac_CHCR
                0x000000008000b898                INTCTable
 .data          0x000000008000bb18      0x660 eekernel.o
                0x000000008000bb2c                ihandlers_first
                0x000000008000bb34                dhandlers_first
                0x000000008000bb30                dhandlers_last
                0x000000008000bb58                rcnt3TargetTable
                0x000000008000bb38                CPUTimerHandler
                0x000000008000c060                threads_count
                0x000000008000c076                transferscount
                0x000000008000bb18                excepRetPc
                0x000000008000bb24                threadStatus
                0x000000008000c06c                semas_count
                0x000000008000c078                table_GetCop0
                0x000000008000bb20                threadPrio
                0x000000008000bb1c                threadId
                0x000000008000c070                semas_last
                0x000000008000c068                excepSP
                0x000000008000bb28                ihandlers_last
                0x000000008000c074                tagindex
                0x000000008000c064                excepRA
                0x000000008000c0f8                table_SetCop0
                0x000000008000bb40                _alarm_unk
                0x000000008000bb50                rcnt3Count
                0x000000008000bb48                rcnt3Valid
 .data          0x000000008000c178      0x290 eeinit.o
                0x000000008000c3e8                tlb_config
                0x000000008000c368                tlb3_data
                0x000000008000c178                tlb1_data
                0x000000008000c248                tlb2_data
 .data          0x000000008000c408        0x4 romdir.o
                0x000000008000c408                base
 *fill*         0x000000008000c40c        0x4 00
 .data          0x000000008000c410      0x248 /Users/julian/ps2dev/ps2sdk/ee/lib/libc.a(vxprintf.o)
 .data          0x000000008000c658        0x4 /Users/julian/ps2dev/ps2sdk/ee/lib/libc.a(__alloc_internals.o)
 .data          0x000000008000c65c        0x4 /Users/julian/ps2dev/ps2sdk/ee/lib/libc.a(sbrk.o)
 .data          0x000000008000c660        0xc /Users/julian/ps2dev/ps2sdk/ee/lib/libc.a(malloc.o)
                0x000000008000c664                __alloc_heap_head
                0x000000008000c660                __alloc_heap_base
                0x000000008000c668                __alloc_heap_tail
 *fill*         0x000000008000c66c        0x4 00
 .data          0x000000008000c670       0x38 /Users/julian/ps2dev/ps2sdk/ee/lib/libkernel.a(SifRpcMain.o)
                0x000000008000c670                _sif_rpc_data
 .data          0x000000008000c6a8        0x4 /Users/julian/ps2dev/ps2sdk/ee/lib/libkernel.a(__iop_control_internals.o)
                0x000000008000c6a8                _iop_reboot_count
 .data          0x000000008000c6ac        0xc /Users/julian/ps2dev/ps2sdk/ee/lib/libkernel.a(sif_cmd_main.o)
 .data          0x000000008000c6b8       0x54 /Users/julian/ps2dev/ee/lib/gcc-lib/ee/3.2.3/libgcc.a(_udivdi3.o)
                0x000000008000c6b8                _GLOBAL__F___udivdi3
 .data          0x000000008000c70c       0x54 /Users/julian/ps2dev/ee/lib/gcc-lib/ee/3.2.3/libgcc.a(_umoddi3.o)
                0x000000008000c70c                _GLOBAL__F___umoddi3

.rdata
 *(.rdata)
                0x0000000080014770                _gp = (ALIGN (0x80) + 0x7ff0)

.lit4
 *(.lit4)

.lit8
 *(.lit8)

.sdata
 *(.sdata)

.sbss           0x000000008000c780        0x0
                0x000000008000c780                _fbss = .
 *(.scommon)
 *(.sbss)

.bss            0x000000008000c780     0x1a40
 *(.bss)
 .bss           0x000000008000c780     0x1800 /Users/julian/ps2dev/ps2sdk/ee/lib/libkernel.a(SifRpcMain.o)
 .bss           0x000000008000df80      0x240 /Users/julian/ps2dev/ps2sdk/ee/lib/libkernel.a(sif_cmd_main.o)

.COMMON         0x000000008000e200     0xb8b0
 *(COMMON)
 COMMON         0x000000008000e200      0x2e0 eedata.o
                                          0x0 (size before relaxing)
                0x000000008000e200                SavedRA
                0x000000008000e210                SavedSP
                0x000000008000e220                SavedT9
                0x000000008000e300                SavedRegs
                0x000000008000e4d0                SavedAT
 *fill*         0x000000008000e4e0       0x20 00
 COMMON         0x000000008000e500     0xb574 eekernel.o
                                          0x0 (size before relaxing)
                0x000000008000e500                intcs_array
                0x000000008000e5a8                threadArgStrBuffer
                0x000000008000e6a8                sifIOPbuff
                0x000000008000e6b0                sifRegs
                0x000000008000e730                rcnt3TargetNum
                0x000000008000e770                dword_80016A84
                0x000000008000e778                threads_array
                0x0000000080013378                g_kernelstackend
                0x000000008001337c                VSyncFlag1
                0x0000000080013380                handler_ll_free
                0x0000000080013388                gsIMR
                0x0000000080013390                thread_ll_free
                0x0000000080013398                semas_array
                0x00000000800153a0                sifEEbuff
                0x0000000080015420                dword_80016A7C
                0x0000000080015424                machineType
                0x0000000080015428                sbus_handlers
                0x00000000800154a8                thread_ll_priorities
                0x00000000800158b0                tadrptr
                0x0000000080015aa0                _HandlersCount
                0x0000000080015aa4                sif1tagdata
                0x0000000080015aa8                VSyncFlag0
                0x0000000080015b00                g_kernelstack
                0x0000000080017b00                osdConfigParam
                0x0000000080017b04                dword_80016A88
                0x0000000080017b08                pgifhandlers_array
                0x0000000080018a20                dmacs_array
                0x0000000080018ad8                hvParam
                0x0000000080018ae0                dword_80016A78
                0x0000000080018af0                extrastorage
                0x0000000080019a70                memorySize
 COMMON         0x0000000080019a74       0x18 eeelf.o
                                          0x0 (size before relaxing)
                0x0000000080019a74                elfsize
                0x0000000080019a78                sections_names
                0x0000000080019a7c                elfdata
                0x0000000080019a80                elfHeader
                0x0000000080019a84                elfProgH
                0x0000000080019a88                elfSectH
 *fill*         0x0000000080019a8c        0x4 00
 COMMON         0x0000000080019a90       0x20 /Users/julian/ps2dev/ps2sdk/ee/lib/libkernel.a(sif_cmd_main.o)
                                          0x0 (size before relaxing)
                0x0000000080019a90                _sif_cmd_data
                0x0000000080019aac                _end_bss = (. - 0x4)
                0x0000000080019ab0                _stack = .
                0x0000000080099ab0                . = (. + _stack_size)
                0x0000000080099a88                _end_stack = (. - 0x28)
                0x0000000080099ab0                _end = .
                0x0000000080099ab0                __lc_bh = .
                0x0000000080a99ab0                . = (. + _heap_size)
                0x0000000080a99ab0                __lc_eh = .
OUTPUT(../../build/EELOAD binary)

.mdebug         0x0000000000000000    0x351b4
 .mdebug        0x0000000000000000      0xf54 eedata.o
 .mdebug        0x0000000000000f54     0x81bc eekernel.o
 .mdebug        0x0000000000009110      0xd7c eeinit.o
 .mdebug        0x0000000000009e8c      0x228 eeload.o
 .mdebug        0x000000000000a0b4      0x424 eeelf.o
 .mdebug        0x000000000000a4d8      0x248 eedebug.o
 .mdebug        0x000000000000a720      0x1e0 romdir.o
 .mdebug        0x000000000000a900      0x340 /Users/julian/ps2dev/ps2sdk/ee/lib/libc.a(memcpy.o)
 .mdebug        0x000000000000ac40      0x344 /Users/julian/ps2dev/ps2sdk/ee/lib/libc.a(memset.o)
 .mdebug        0x000000000000af84      0x354 /Users/julian/ps2dev/ps2sdk/ee/lib/libc.a(strcpy.o)
 .mdebug        0x000000000000b2d8      0x180 /Users/julian/ps2dev/ps2sdk/ee/lib/libc.a(vsnprintf.o)
 .mdebug        0x000000000000b458      0x31c /Users/julian/ps2dev/ps2sdk/ee/lib/libc.a(vxprintf.o)
 .mdebug        0x000000000000b774      0x148 /Users/julian/ps2dev/ps2sdk/ee/lib/libc.a(__sout.o)
 .mdebug        0x000000000000b8bc      0x1e8 /Users/julian/ps2dev/ps2sdk/ee/lib/libc.a(free.o)
 .mdebug        0x000000000000baa4      0x3a0 /Users/julian/ps2dev/ps2sdk/ee/lib/libc.a(__alloc_internals.o)
 .mdebug        0x000000000000be44      0x148 /Users/julian/ps2dev/ps2sdk/ee/lib/libc.a(isdigit.o)
 .mdebug        0x000000000000bf8c      0x1ac /Users/julian/ps2dev/ps2sdk/ee/lib/libc.a(sbrk.o)
 .mdebug        0x000000000000c138      0x350 /Users/julian/ps2dev/ps2sdk/ee/lib/libc.a(strlen.o)
 .mdebug        0x000000000000c488      0x28c /Users/julian/ps2dev/ps2sdk/ee/lib/libc.a(malloc.o)
 .mdebug        0x000000000000c714      0x40c /Users/julian/ps2dev/ps2sdk/ee/lib/libkernel.a(ResetEE.o)
 .mdebug        0x000000000000cb20      0x404 /Users/julian/ps2dev/ps2sdk/ee/lib/libkernel.a(Exit.o)
 .mdebug        0x000000000000cf24      0x41c /Users/julian/ps2dev/ps2sdk/ee/lib/libkernel.a(iTerminateThread.o)
 .mdebug        0x000000000000d340      0x40c /Users/julian/ps2dev/ps2sdk/ee/lib/libkernel.a(EndOfHeap.o)
 .mdebug        0x000000000000d74c      0x410 /Users/julian/ps2dev/ps2sdk/ee/lib/libkernel.a(CreateSema.o)
 .mdebug        0x000000000000db5c      0x410 /Users/julian/ps2dev/ps2sdk/ee/lib/libkernel.a(DeleteSema.o)
 .mdebug        0x000000000000df6c      0x410 /Users/julian/ps2dev/ps2sdk/ee/lib/libkernel.a(SignalSema.o)
 .mdebug        0x000000000000e37c      0x40c /Users/julian/ps2dev/ps2sdk/ee/lib/libkernel.a(WaitSema.o)
 .mdebug        0x000000000000e788      0x414 /Users/julian/ps2dev/ps2sdk/ee/lib/libkernel.a(SetVSyncFlag.o)
 .mdebug        0x000000000000eb9c      0x764 /Users/julian/ps2dev/ps2sdk/ee/lib/libkernel.a(SifRpcMain.o)
 .mdebug        0x000000000000f300      0x15c /Users/julian/ps2dev/ps2sdk/ee/lib/libkernel.a(_rpc_get_fpacket.o)
 .mdebug        0x000000000000f45c       0xfc /Users/julian/ps2dev/ps2sdk/ee/lib/libkernel.a(__iop_control_internals.o)
 .mdebug        0x000000000000f558      0x144 /Users/julian/ps2dev/ps2sdk/ee/lib/libkernel.a(DIntr.o)
 .mdebug        0x000000000000f69c      0x144 /Users/julian/ps2dev/ps2sdk/ee/lib/libkernel.a(EIntr.o)
 .mdebug        0x000000000000f7e0      0x218 /Users/julian/ps2dev/ps2sdk/ee/lib/libkernel.a(iWakeupThread.o)
 .mdebug        0x000000000000f9f8      0x42c /Users/julian/ps2dev/ps2sdk/ee/lib/libkernel.a(iRotateThreadReadyQueue.o)
 .mdebug        0x000000000000fe24      0x414 /Users/julian/ps2dev/ps2sdk/ee/lib/libkernel.a(_iGetThreadId.o)
 .mdebug        0x0000000000010238      0x420 /Users/julian/ps2dev/ps2sdk/ee/lib/libkernel.a(iReferThreadStatus.o)
 .mdebug        0x0000000000010658      0x418 /Users/julian/ps2dev/ps2sdk/ee/lib/libkernel.a(iSuspendThread.o)
 .mdebug        0x0000000000010a70      0x414 /Users/julian/ps2dev/ps2sdk/ee/lib/libkernel.a(iResumeThread.o)
 .mdebug        0x0000000000010e84      0x414 /Users/julian/ps2dev/ps2sdk/ee/lib/libkernel.a(iSignalSema.o)
 .mdebug        0x0000000000011298      0x40c /Users/julian/ps2dev/ps2sdk/ee/lib/libkernel.a(SifSetReg.o)
 .mdebug        0x00000000000116a4      0x40c /Users/julian/ps2dev/ps2sdk/ee/lib/libkernel.a(SifGetReg.o)
 .mdebug        0x0000000000011ab0      0x2c0 /Users/julian/ps2dev/ps2sdk/ee/lib/libkernel.a(sif_cmd_send.o)
 .mdebug        0x0000000000011d70      0x590 /Users/julian/ps2dev/ps2sdk/ee/lib/libkernel.a(sif_cmd_main.o)
 .mdebug        0x0000000000012300      0x1fc /Users/julian/ps2dev/ps2sdk/ee/lib/libkernel.a(sif_cmd_client.o)
 .mdebug        0x00000000000124fc      0x170 /Users/julian/ps2dev/ps2sdk/ee/lib/libkernel.a(sif_sreg_get.o)
 .mdebug        0x000000000001266c      0x194 /Users/julian/ps2dev/ps2sdk/ee/lib/libkernel.a(EnableDmac.o)
 .mdebug        0x0000000000012800      0x198 /Users/julian/ps2dev/ps2sdk/ee/lib/libkernel.a(DisableDmac.o)
 .mdebug        0x0000000000012998      0x418 /Users/julian/ps2dev/ps2sdk/ee/lib/libkernel.a(AddDmacHandler.o)
 .mdebug        0x0000000000012db0      0x41c /Users/julian/ps2dev/ps2sdk/ee/lib/libkernel.a(RemoveDmacHandler.o)
 .mdebug        0x00000000000131cc      0x414 /Users/julian/ps2dev/ps2sdk/ee/lib/libkernel.a(_EnableDmac.o)
 .mdebug        0x00000000000135e0      0x414 /Users/julian/ps2dev/ps2sdk/ee/lib/libkernel.a(_DisableDmac.o)
 .mdebug        0x00000000000139f4      0x410 /Users/julian/ps2dev/ps2sdk/ee/lib/libkernel.a(FlushCache.o)
 .mdebug        0x0000000000013e04      0x40c /Users/julian/ps2dev/ps2sdk/ee/lib/libkernel.a(SifSetDma.o)
 .mdebug        0x0000000000014210      0x410 /Users/julian/ps2dev/ps2sdk/ee/lib/libkernel.a(iSifSetDma.o)
 .mdebug        0x0000000000014620      0x414 /Users/julian/ps2dev/ps2sdk/ee/lib/libkernel.a(SifSetDChain.o)
 .mdebug        0x0000000000014a34      0x4e4 /Users/julian/ps2dev/ps2sdk/ee/lib/libkernel.a(SifWriteBackDCache.o)
 .mdebug        0x0000000000014f18      0x1ac /Users/julian/ps2dev/ps2sdk/ee/lib/libkernel.a(_sif_cmd_int_handler.o)
 .mdebug        0x00000000000150c4      0x414 /Users/julian/ps2dev/ps2sdk/ee/lib/libkernel.a(iSifSetDChain.o)
 .mdebug        0x00000000000154d8     0x3ca8 /Users/julian/ps2dev/ee/lib/gcc-lib/ee/3.2.3/libgcc.a(_udivdi3.o)
 .mdebug        0x0000000000019180     0x3d00 /Users/julian/ps2dev/ee/lib/gcc-lib/ee/3.2.3/libgcc.a(_umoddi3.o)
 .mdebug        0x000000000001ce80     0x3618 /Users/julian/ps2dev/ee/lib/gcc-lib/ee/3.2.3/libgcc.a(_addsub_df.o)
 .mdebug        0x0000000000020498     0x3cf8 /Users/julian/ps2dev/ee/lib/gcc-lib/ee/3.2.3/libgcc.a(_mul_df.o)
 .mdebug        0x0000000000024190     0x1f38 /Users/julian/ps2dev/ee/lib/gcc-lib/ee/3.2.3/libgcc.a(_compare_df.o)
 .mdebug        0x00000000000260c8     0x2144 /Users/julian/ps2dev/ee/lib/gcc-lib/ee/3.2.3/libgcc.a(_si_to_df.o)
 .mdebug        0x000000000002820c     0x2308 /Users/julian/ps2dev/ee/lib/gcc-lib/ee/3.2.3/libgcc.a(_df_to_si.o)
 .mdebug        0x000000000002a514     0x1c0c /Users/julian/ps2dev/ee/lib/gcc-lib/ee/3.2.3/libgcc.a(_thenan_df.o)
 .mdebug        0x000000000002c120     0x1ab8 /Users/julian/ps2dev/ee/lib/gcc-lib/ee/3.2.3/libgcc.a(_clz.o)
 .mdebug        0x000000000002dbd8     0x2994 /Users/julian/ps2dev/ee/lib/gcc-lib/ee/3.2.3/libgcc.a(_pack_df.o)
 .mdebug        0x000000000003056c     0x23c0 /Users/julian/ps2dev/ee/lib/gcc-lib/ee/3.2.3/libgcc.a(_unpack_df.o)
 .mdebug        0x000000000003292c     0x2888 /Users/julian/ps2dev/ee/lib/gcc-lib/ee/3.2.3/libgcc.a(_fpcmp_parts_df.o)

.mdebug.eabi64  0x0000000000000000        0x0

.comment        0x0000000000000000      0x2d0
 .comment       0x0000000000000000       0x12 eedata.o
 .comment       0x0000000000000012       0x12 eekernel.o
 .comment       0x0000000000000024       0x12 eeinit.o
 .comment       0x0000000000000036       0x12 eeload.o
 .comment       0x0000000000000048       0x12 eeelf.o
 .comment       0x000000000000005a       0x12 eedebug.o
 .comment       0x000000000000006c       0x12 romdir.o
 .comment       0x000000000000007e       0x12 /Users/julian/ps2dev/ps2sdk/ee/lib/libc.a(vsnprintf.o)
 .comment       0x0000000000000090       0x12 /Users/julian/ps2dev/ps2sdk/ee/lib/libc.a(vxprintf.o)
 .comment       0x00000000000000a2       0x12 /Users/julian/ps2dev/ps2sdk/ee/lib/libc.a(__sout.o)
 .comment       0x00000000000000b4       0x12 /Users/julian/ps2dev/ps2sdk/ee/lib/libc.a(free.o)
 .comment       0x00000000000000c6       0x12 /Users/julian/ps2dev/ps2sdk/ee/lib/libc.a(__alloc_internals.o)
 .comment       0x00000000000000d8       0x12 /Users/julian/ps2dev/ps2sdk/ee/lib/libc.a(isdigit.o)
 .comment       0x00000000000000ea       0x12 /Users/julian/ps2dev/ps2sdk/ee/lib/libc.a(sbrk.o)
 .comment       0x00000000000000fc       0x12 /Users/julian/ps2dev/ps2sdk/ee/lib/libc.a(malloc.o)
 .comment       0x000000000000010e       0x12 /Users/julian/ps2dev/ps2sdk/ee/lib/libkernel.a(SifRpcMain.o)
 .comment       0x0000000000000120       0x12 /Users/julian/ps2dev/ps2sdk/ee/lib/libkernel.a(_rpc_get_fpacket.o)
 .comment       0x0000000000000132       0x12 /Users/julian/ps2dev/ps2sdk/ee/lib/libkernel.a(__iop_control_internals.o)
 .comment       0x0000000000000144       0x12 /Users/julian/ps2dev/ps2sdk/ee/lib/libkernel.a(DIntr.o)
 .comment       0x0000000000000156       0x12 /Users/julian/ps2dev/ps2sdk/ee/lib/libkernel.a(EIntr.o)
 .comment       0x0000000000000168       0x12 /Users/julian/ps2dev/ps2sdk/ee/lib/libkernel.a(iWakeupThread.o)
 .comment       0x000000000000017a       0x12 /Users/julian/ps2dev/ps2sdk/ee/lib/libkernel.a(sif_cmd_send.o)
 .comment       0x000000000000018c       0x12 /Users/julian/ps2dev/ps2sdk/ee/lib/libkernel.a(sif_cmd_main.o)
 .comment       0x000000000000019e       0x12 /Users/julian/ps2dev/ps2sdk/ee/lib/libkernel.a(sif_cmd_client.o)
 .comment       0x00000000000001b0       0x12 /Users/julian/ps2dev/ps2sdk/ee/lib/libkernel.a(sif_sreg_get.o)
 .comment       0x00000000000001c2       0x12 /Users/julian/ps2dev/ps2sdk/ee/lib/libkernel.a(EnableDmac.o)
 .comment       0x00000000000001d4       0x12 /Users/julian/ps2dev/ps2sdk/ee/lib/libkernel.a(DisableDmac.o)
 .comment       0x00000000000001e6       0x12 /Users/julian/ps2dev/ps2sdk/ee/lib/libkernel.a(_sif_cmd_int_handler.o)
 .comment       0x00000000000001f8       0x12 /Users/julian/ps2dev/ee/lib/gcc-lib/ee/3.2.3/libgcc.a(_udivdi3.o)
 .comment       0x000000000000020a       0x12 /Users/julian/ps2dev/ee/lib/gcc-lib/ee/3.2.3/libgcc.a(_umoddi3.o)
 .comment       0x000000000000021c       0x12 /Users/julian/ps2dev/ee/lib/gcc-lib/ee/3.2.3/libgcc.a(_addsub_df.o)
 .comment       0x000000000000022e       0x12 /Users/julian/ps2dev/ee/lib/gcc-lib/ee/3.2.3/libgcc.a(_mul_df.o)
 .comment       0x0000000000000240       0x12 /Users/julian/ps2dev/ee/lib/gcc-lib/ee/3.2.3/libgcc.a(_compare_df.o)
 .comment       0x0000000000000252       0x12 /Users/julian/ps2dev/ee/lib/gcc-lib/ee/3.2.3/libgcc.a(_si_to_df.o)
 .comment       0x0000000000000264       0x12 /Users/julian/ps2dev/ee/lib/gcc-lib/ee/3.2.3/libgcc.a(_df_to_si.o)
 .comment       0x0000000000000276       0x12 /Users/julian/ps2dev/ee/lib/gcc-lib/ee/3.2.3/libgcc.a(_thenan_df.o)
 .comment       0x0000000000000288       0x12 /Users/julian/ps2dev/ee/lib/gcc-lib/ee/3.2.3/libgcc.a(_clz.o)
 .comment       0x000000000000029a       0x12 /Users/julian/ps2dev/ee/lib/gcc-lib/ee/3.2.3/libgcc.a(_pack_df.o)
 .comment       0x00000000000002ac       0x12 /Users/julian/ps2dev/ee/lib/gcc-lib/ee/3.2.3/libgcc.a(_unpack_df.o)
 .comment       0x00000000000002be       0x12 /Users/julian/ps2dev/ee/lib/gcc-lib/ee/3.2.3/libgcc.a(_fpcmp_parts_df.o)

.debug_abbrev   0x0000000000000000     0x1408
 .debug_abbrev  0x0000000000000000      0x1cd /Users/julian/ps2dev/ee/lib/gcc-lib/ee/3.2.3/libgcc.a(_udivdi3.o)
 .debug_abbrev  0x00000000000001cd      0x1dc /Users/julian/ps2dev/ee/lib/gcc-lib/ee/3.2.3/libgcc.a(_umoddi3.o)
 .debug_abbrev  0x00000000000003a9      0x20f /Users/julian/ps2dev/ee/lib/gcc-lib/ee/3.2.3/libgcc.a(_addsub_df.o)
 .debug_abbrev  0x00000000000005b8      0x22a /Users/julian/ps2dev/ee/lib/gcc-lib/ee/3.2.3/libgcc.a(_mul_df.o)
 .debug_abbrev  0x00000000000007e2      0x180 /Users/julian/ps2dev/ee/lib/gcc-lib/ee/3.2.3/libgcc.a(_compare_df.o)
 .debug_abbrev  0x0000000000000962      0x180 /Users/julian/ps2dev/ee/lib/gcc-lib/ee/3.2.3/libgcc.a(_si_to_df.o)
 .debug_abbrev  0x0000000000000ae2      0x1bf /Users/julian/ps2dev/ee/lib/gcc-lib/ee/3.2.3/libgcc.a(_df_to_si.o)
 .debug_abbrev  0x0000000000000ca1      0x146 /Users/julian/ps2dev/ee/lib/gcc-lib/ee/3.2.3/libgcc.a(_thenan_df.o)
 .debug_abbrev  0x0000000000000de7      0x10d /Users/julian/ps2dev/ee/lib/gcc-lib/ee/3.2.3/libgcc.a(_clz.o)
 .debug_abbrev  0x0000000000000ef4      0x1ca /Users/julian/ps2dev/ee/lib/gcc-lib/ee/3.2.3/libgcc.a(_pack_df.o)
 .debug_abbrev  0x00000000000010be      0x19a /Users/julian/ps2dev/ee/lib/gcc-lib/ee/3.2.3/libgcc.a(_unpack_df.o)
 .debug_abbrev  0x0000000000001258      0x1b0 /Users/julian/ps2dev/ee/lib/gcc-lib/ee/3.2.3/libgcc.a(_fpcmp_parts_df.o)

.debug_info     0x0000000000000000     0x5f86
 .debug_info    0x0000000000000000      0xacf /Users/julian/ps2dev/ee/lib/gcc-lib/ee/3.2.3/libgcc.a(_udivdi3.o)
 .debug_info    0x0000000000000acf      0xadc /Users/julian/ps2dev/ee/lib/gcc-lib/ee/3.2.3/libgcc.a(_umoddi3.o)
 .debug_info    0x00000000000015ab      0x8ff /Users/julian/ps2dev/ee/lib/gcc-lib/ee/3.2.3/libgcc.a(_addsub_df.o)
 .debug_info    0x0000000000001eaa      0x97e /Users/julian/ps2dev/ee/lib/gcc-lib/ee/3.2.3/libgcc.a(_mul_df.o)
 .debug_info    0x0000000000002828      0x6e1 /Users/julian/ps2dev/ee/lib/gcc-lib/ee/3.2.3/libgcc.a(_compare_df.o)
 .debug_info    0x0000000000002f09      0x6a9 /Users/julian/ps2dev/ee/lib/gcc-lib/ee/3.2.3/libgcc.a(_si_to_df.o)
 .debug_info    0x00000000000035b2      0x75c /Users/julian/ps2dev/ee/lib/gcc-lib/ee/3.2.3/libgcc.a(_df_to_si.o)
 .debug_info    0x0000000000003d0e      0x671 /Users/julian/ps2dev/ee/lib/gcc-lib/ee/3.2.3/libgcc.a(_thenan_df.o)
 .debug_info    0x000000000000437f      0x5d4 /Users/julian/ps2dev/ee/lib/gcc-lib/ee/3.2.3/libgcc.a(_clz.o)
 .debug_info    0x0000000000004953      0x77c /Users/julian/ps2dev/ee/lib/gcc-lib/ee/3.2.3/libgcc.a(_pack_df.o)
 .debug_info    0x00000000000050cf      0x6d9 /Users/julian/ps2dev/ee/lib/gcc-lib/ee/3.2.3/libgcc.a(_unpack_df.o)
 .debug_info    0x00000000000057a8      0x7de /Users/julian/ps2dev/ee/lib/gcc-lib/ee/3.2.3/libgcc.a(_fpcmp_parts_df.o)

.debug_line     0x0000000000000000     0x194c
 .debug_line    0x0000000000000000      0x3ce /Users/julian/ps2dev/ee/lib/gcc-lib/ee/3.2.3/libgcc.a(_udivdi3.o)
 .debug_line    0x00000000000003ce      0x3de /Users/julian/ps2dev/ee/lib/gcc-lib/ee/3.2.3/libgcc.a(_umoddi3.o)
 .debug_line    0x00000000000007ac      0x387 /Users/julian/ps2dev/ee/lib/gcc-lib/ee/3.2.3/libgcc.a(_addsub_df.o)
 .debug_line    0x0000000000000b33      0x407 /Users/julian/ps2dev/ee/lib/gcc-lib/ee/3.2.3/libgcc.a(_mul_df.o)
 .debug_line    0x0000000000000f3a       0xc6 /Users/julian/ps2dev/ee/lib/gcc-lib/ee/3.2.3/libgcc.a(_compare_df.o)
 .debug_line    0x0000000000001000      0x110 /Users/julian/ps2dev/ee/lib/gcc-lib/ee/3.2.3/libgcc.a(_si_to_df.o)
 .debug_line    0x0000000000001110      0x136 /Users/julian/ps2dev/ee/lib/gcc-lib/ee/3.2.3/libgcc.a(_df_to_si.o)
 .debug_line    0x0000000000001246       0x83 /Users/julian/ps2dev/ee/lib/gcc-lib/ee/3.2.3/libgcc.a(_thenan_df.o)
 .debug_line    0x00000000000012c9      0x103 /Users/julian/ps2dev/ee/lib/gcc-lib/ee/3.2.3/libgcc.a(_clz.o)
 .debug_line    0x00000000000013cc      0x232 /Users/julian/ps2dev/ee/lib/gcc-lib/ee/3.2.3/libgcc.a(_pack_df.o)
 .debug_line    0x00000000000015fe      0x19e /Users/julian/ps2dev/ee/lib/gcc-lib/ee/3.2.3/libgcc.a(_unpack_df.o)
 .debug_line    0x000000000000179c      0x1b0 /Users/julian/ps2dev/ee/lib/gcc-lib/ee/3.2.3/libgcc.a(_fpcmp_parts_df.o)

.debug_frame    0x0000000000000000      0x210
 .debug_frame   0x0000000000000000       0x40 /Users/julian/ps2dev/ee/lib/gcc-lib/ee/3.2.3/libgcc.a(_udivdi3.o)
 .debug_frame   0x0000000000000040       0x40 /Users/julian/ps2dev/ee/lib/gcc-lib/ee/3.2.3/libgcc.a(_umoddi3.o)
 .debug_frame   0x0000000000000080       0x58 /Users/julian/ps2dev/ee/lib/gcc-lib/ee/3.2.3/libgcc.a(_addsub_df.o)
 .debug_frame   0x00000000000000d8       0x3c /Users/julian/ps2dev/ee/lib/gcc-lib/ee/3.2.3/libgcc.a(_mul_df.o)
 .debug_frame   0x0000000000000114       0x2c /Users/julian/ps2dev/ee/lib/gcc-lib/ee/3.2.3/libgcc.a(_compare_df.o)
 .debug_frame   0x0000000000000140       0x28 /Users/julian/ps2dev/ee/lib/gcc-lib/ee/3.2.3/libgcc.a(_si_to_df.o)
 .debug_frame   0x0000000000000168       0x28 /Users/julian/ps2dev/ee/lib/gcc-lib/ee/3.2.3/libgcc.a(_df_to_si.o)
 .debug_frame   0x0000000000000190       0x10 /Users/julian/ps2dev/ee/lib/gcc-lib/ee/3.2.3/libgcc.a(_thenan_df.o)
 .debug_frame   0x00000000000001a0       0x10 /Users/julian/ps2dev/ee/lib/gcc-lib/ee/3.2.3/libgcc.a(_clz.o)
 .debug_frame   0x00000000000001b0       0x20 /Users/julian/ps2dev/ee/lib/gcc-lib/ee/3.2.3/libgcc.a(_pack_df.o)
 .debug_frame   0x00000000000001d0       0x20 /Users/julian/ps2dev/ee/lib/gcc-lib/ee/3.2.3/libgcc.a(_unpack_df.o)
 .debug_frame   0x00000000000001f0       0x20 /Users/julian/ps2dev/ee/lib/gcc-lib/ee/3.2.3/libgcc.a(_fpcmp_parts_df.o)

.debug_pubnames
                0x0000000000000000      0x180
 .debug_pubnames
                0x0000000000000000       0x20 /Users/julian/ps2dev/ee/lib/gcc-lib/ee/3.2.3/libgcc.a(_udivdi3.o)
 .debug_pubnames
                0x0000000000000020       0x20 /Users/julian/ps2dev/ee/lib/gcc-lib/ee/3.2.3/libgcc.a(_umoddi3.o)
 .debug_pubnames
                0x0000000000000040       0x26 /Users/julian/ps2dev/ee/lib/gcc-lib/ee/3.2.3/libgcc.a(_addsub_df.o)
 .debug_pubnames
                0x0000000000000066       0x1c /Users/julian/ps2dev/ee/lib/gcc-lib/ee/3.2.3/libgcc.a(_mul_df.o)
 .debug_pubnames
                0x0000000000000082       0x1c /Users/julian/ps2dev/ee/lib/gcc-lib/ee/3.2.3/libgcc.a(_compare_df.o)
 .debug_pubnames
                0x000000000000009e       0x1d /Users/julian/ps2dev/ee/lib/gcc-lib/ee/3.2.3/libgcc.a(_si_to_df.o)
 .debug_pubnames
                0x00000000000000bb       0x1d /Users/julian/ps2dev/ee/lib/gcc-lib/ee/3.2.3/libgcc.a(_df_to_si.o)
 .debug_pubnames
                0x00000000000000d8       0x22 /Users/julian/ps2dev/ee/lib/gcc-lib/ee/3.2.3/libgcc.a(_thenan_df.o)
 .debug_pubnames
                0x00000000000000fa       0x20 /Users/julian/ps2dev/ee/lib/gcc-lib/ee/3.2.3/libgcc.a(_clz.o)
 .debug_pubnames
                0x000000000000011a       0x1f /Users/julian/ps2dev/ee/lib/gcc-lib/ee/3.2.3/libgcc.a(_pack_df.o)
 .debug_pubnames
                0x0000000000000139       0x21 /Users/julian/ps2dev/ee/lib/gcc-lib/ee/3.2.3/libgcc.a(_unpack_df.o)
 .debug_pubnames
                0x000000000000015a       0x26 /Users/julian/ps2dev/ee/lib/gcc-lib/ee/3.2.3/libgcc.a(_fpcmp_parts_df.o)

.debug_aranges  0x0000000000000000      0x140
 .debug_aranges
                0x0000000000000000       0x20 /Users/julian/ps2dev/ee/lib/gcc-lib/ee/3.2.3/libgcc.a(_udivdi3.o)
 .debug_aranges
                0x0000000000000020       0x20 /Users/julian/ps2dev/ee/lib/gcc-lib/ee/3.2.3/libgcc.a(_umoddi3.o)
 .debug_aranges
                0x0000000000000040       0x20 /Users/julian/ps2dev/ee/lib/gcc-lib/ee/3.2.3/libgcc.a(_addsub_df.o)
 .debug_aranges
                0x0000000000000060       0x20 /Users/julian/ps2dev/ee/lib/gcc-lib/ee/3.2.3/libgcc.a(_mul_df.o)
 .debug_aranges
                0x0000000000000080       0x20 /Users/julian/ps2dev/ee/lib/gcc-lib/ee/3.2.3/libgcc.a(_compare_df.o)
 .debug_aranges
                0x00000000000000a0       0x20 /Users/julian/ps2dev/ee/lib/gcc-lib/ee/3.2.3/libgcc.a(_si_to_df.o)
 .debug_aranges
                0x00000000000000c0       0x20 /Users/julian/ps2dev/ee/lib/gcc-lib/ee/3.2.3/libgcc.a(_df_to_si.o)
 .debug_aranges
                0x00000000000000e0       0x20 /Users/julian/ps2dev/ee/lib/gcc-lib/ee/3.2.3/libgcc.a(_pack_df.o)
 .debug_aranges
                0x0000000000000100       0x20 /Users/julian/ps2dev/ee/lib/gcc-lib/ee/3.2.3/libgcc.a(_unpack_df.o)
 .debug_aranges
                0x0000000000000120       0x20 /Users/julian/ps2dev/ee/lib/gcc-lib/ee/3.2.3/libgcc.a(_fpcmp_parts_df.o)

.debug_ranges   0x0000000000000000      0x2d0
 .debug_ranges  0x0000000000000000      0x100 /Users/julian/ps2dev/ee/lib/gcc-lib/ee/3.2.3/libgcc.a(_udivdi3.o)
 .debug_ranges  0x0000000000000100      0x100 /Users/julian/ps2dev/ee/lib/gcc-lib/ee/3.2.3/libgcc.a(_umoddi3.o)
 .debug_ranges  0x0000000000000200       0x18 /Users/julian/ps2dev/ee/lib/gcc-lib/ee/3.2.3/libgcc.a(_addsub_df.o)
 .debug_ranges  0x0000000000000218       0xa0 /Users/julian/ps2dev/ee/lib/gcc-lib/ee/3.2.3/libgcc.a(_mul_df.o)
 .debug_ranges  0x00000000000002b8       0x18 /Users/julian/ps2dev/ee/lib/gcc-lib/ee/3.2.3/libgcc.a(_pack_df.o)

.debug_str      0x0000000000000000     0x61c9
 .debug_str     0x0000000000000000      0x801 /Users/julian/ps2dev/ee/lib/gcc-lib/ee/3.2.3/libgcc.a(_udivdi3.o)
 .debug_str     0x0000000000000801      0x801 /Users/julian/ps2dev/ee/lib/gcc-lib/ee/3.2.3/libgcc.a(_umoddi3.o)
 .debug_str     0x0000000000001002      0x888 /Users/julian/ps2dev/ee/lib/gcc-lib/ee/3.2.3/libgcc.a(_addsub_df.o)
 .debug_str     0x000000000000188a      0x872 /Users/julian/ps2dev/ee/lib/gcc-lib/ee/3.2.3/libgcc.a(_mul_df.o)
 .debug_str     0x00000000000020fc      0x823 /Users/julian/ps2dev/ee/lib/gcc-lib/ee/3.2.3/libgcc.a(_compare_df.o)
 .debug_str     0x000000000000291f      0x81e /Users/julian/ps2dev/ee/lib/gcc-lib/ee/3.2.3/libgcc.a(_si_to_df.o)
 .debug_str     0x000000000000313d      0x831 /Users/julian/ps2dev/ee/lib/gcc-lib/ee/3.2.3/libgcc.a(_df_to_si.o)
 .debug_str     0x000000000000396e      0x811 /Users/julian/ps2dev/ee/lib/gcc-lib/ee/3.2.3/libgcc.a(_thenan_df.o)
 .debug_str     0x000000000000417f      0x7c7 /Users/julian/ps2dev/ee/lib/gcc-lib/ee/3.2.3/libgcc.a(_clz.o)
 .debug_str     0x0000000000004946      0x833 /Users/julian/ps2dev/ee/lib/gcc-lib/ee/3.2.3/libgcc.a(_pack_df.o)
 .debug_str     0x0000000000005179      0x81c /Users/julian/ps2dev/ee/lib/gcc-lib/ee/3.2.3/libgcc.a(_unpack_df.o)
 .debug_str     0x0000000000005995      0x834 /Users/julian/ps2dev/ee/lib/gcc-lib/ee/3.2.3/libgcc.a(_fpcmp_parts_df.o)
